[2026-09-02 13:10:35] local.ERROR: Route [login] not defined. {"exception":"[object] (Symfony\\Component\\Routing\\Exception\\RouteNotFoundException(code: 0): Route [login] not defined. at /Users/mimi/BorneApp/backend/vendor/laravel/framework/src/Illuminate/Routing/UrlGenerator.php:542)
[stacktrace]
#0 /Users/mimi/BorneApp/backend/vendor/laravel/framework/src/Illuminate/Foundation/helpers.php(870): Illuminate\\Routing\\UrlGenerator->route('login', Array, true)
#1 /Users/mimi/BorneApp/backend/vendor/laravel/framework/src/Illuminate/Foundation/Configuration/ApplicationBuilder.php(291): route('login')
#2 [internal function]: Illuminate\\Foundation\\Configuration\\ApplicationBuilder->{closure:{closure:Illuminate\\Foundation\\Configuration\\ApplicationBuilder::withMiddleware():289}:291}(Object(Illuminate\\Http\\Request))
#3 /Users/mimi/BorneApp/backend/vendor/laravel/framework/src/Illuminate/Auth/Middleware/Authenticate.php(117): call_user_func(Object(Closure), Object(Illuminate\\Http\\Request))
#4 /Users/mimi/BorneApp/backend/vendor/laravel/framework/src/Illuminate/Auth/Middleware/Authenticate.php(104): Illuminate\\Auth\\Middleware\\Authenticate->redirectTo(Object(Illuminate\\Http\\Request))
#5 /Users/mimi/BorneApp/backend/vendor/laravel/framework/src/Illuminate/Auth/Middleware/Authenticate.php(87): Illuminate\\Auth\\Middleware\\Authenticate->unauthenticated(Object(Illuminate\\Http\\Request), Array)
#6 /Users/mimi/BorneApp/backend/vendor/laravel/framework/src/Illuminate/Auth/Middleware/Authenticate.php(61): Illuminate\\Auth\\Middleware\\Authenticate->authenticate(Object(Illuminate\\Http\\Request), Array)
#7 /Users/mimi/BorneApp/backend/vendor/laravel/framework/src/Illuminate/Pipeline/Pipeline.php(219): Illuminate\\Auth\\Middleware\\Authenticate->handle(Object(Illuminate\\Http\\Request), Object(Closure), 'sanctum')
#8 /Users/mimi/BorneApp/backend/vendor/laravel/framework/src/Illuminate/Pipeline/Pipeline.php(137): Illuminate\\Pipeline\\Pipeline->{closure:{closure:Illuminate\\Pipeline\\Pipeline::carry():194}:195}(Object(Illuminate\\Http\\Request))
#9 /Users/mimi/BorneApp/backend/vendor/laravel/framework/src/Illuminate/Routing/Router.php(821): Illuminate\\Pipeline\\Pipeline->then(Object(Closure))
#10 /Users/mimi/BorneApp/backend/vendor/laravel/framework/src/Illuminate/Routing/Router.php(800): Illuminate\\Routing\\Router->runRouteWithinStack(Object(Illuminate\\Routing\\Route), Object(Illuminate\\Http\\Request))
#11 /Users/mimi/BorneApp/backend/vendor/laravel/framework/src/Illuminate/Routing/Router.php(764): Illuminate\\Routing\\Router->runRoute(Object(Illuminate\\Http\\Request), Object(Illuminate\\Routing\\Route))
#12 /Users/mimi/BorneApp/backend/vendor/laravel/framework/src/Illuminate/Routing/Router.php(753): Illuminate\\Routing\\Router->dispatchToRoute(Object(Illuminate\\Http\\Request))
#13 /Users/mimi/BorneApp/backend/vendor/laravel/framework/src/Illuminate/Foundation/Http/Kernel.php(200): Illuminate\\Routing\\Router->dispatch(Object(Illuminate\\Http\\Request))
#14 /Users/mimi/BorneApp/backend/vendor/laravel/framework/src/Illuminate/Pipeline/Pipeline.php(180): Illuminate\\Foundation\\Http\\Kernel->{closure:Illuminate\\Foundation\\Http\\Kernel::dispatchToRouter():197}(Object(Illuminate\\Http\\Request))
#15 /Users/mimi/BorneApp/backend/vendor/laravel/framework/src/Illuminate/Foundation/Http/Middleware/TransformsRequest.php(21): Illuminate\\Pipeline\\Pipeline->{closure:Illuminate\\Pipeline\\Pipeline::prepareDestination():178}(Object(Illuminate\\Http\\Request))
#16 /Users/mimi/BorneApp/backend/vendor/laravel/framework/src/Illuminate/Foundation/Http/Middleware/ConvertEmptyStringsToNull.php(31): Illuminate\\Foundation\\Http\\Middleware\\TransformsRequest->handle(Object(Illuminate\\Http\\Request), Object(Closure))
#17 /Users/mimi/BorneApp/backend/vendor/laravel/framework/src/Illuminate/Pipeline/Pipeline.php(219): Illuminate\\Foundation\\Http\\Middleware\\ConvertEmptyStringsToNull->handle(Object(Illuminate\\Http\\Request), Object(Closure))
#18 /Users/mimi/BorneApp/backend/vendor/laravel/framework/src/Illuminate/Foundation/Http/Middleware/TransformsRequest.php(21): Illuminate\\Pipeline\\Pipeline->{closure:{closure:Illuminate\\Pipeline\\Pipeline::carry():194}:195}(Object(Illuminate\\Http\\Request))
#19 /Users/mimi/BorneApp/backend/vendor/laravel/framework/src/Illuminate/Foundation/Http/Middleware/TrimStrings.php(51): Illuminate\\Foundation\\Http\\Middleware\\TransformsRequest->handle(Object(Illuminate\\Http\\Request), Object(Closure))
#20 /Users/mimi/BorneApp/backend/vendor/laravel/framework/src/Illuminate/Pipeline/Pipeline.php(219): Illuminate\\Foundation\\Http\\Middleware\\TrimStrings->handle(Object(Illuminate\\Http\\Request), Object(Closure))
#21 /Users/mimi/BorneApp/backend/vendor/laravel/framework/src/Illuminate/Http/Middleware/ValidatePostSize.php(27): Illuminate\\Pipeline\\Pipeline->{closure:{closure:Illuminate\\Pipeline\\Pipeline::carry():194}:195}(Object(Illuminate\\Http\\Request))
#22 /Users/mimi/BorneApp/backend/vendor/laravel/framework/src/Illuminate/Pipeline/Pipeline.php(219): Illuminate\\Http\\Middleware\\ValidatePostSize->handle(Object(Illuminate\\Http\\Request), Object(Closure))
#23 /Users/mimi/BorneApp/backend/vendor/laravel/framework/src/Illuminate/Foundation/Http/Middleware/PreventRequestsDuringMaintenance.php(110): Illuminate\\Pipeline\\Pipeline->{closure:{closure:Illuminate\\Pipeline\\Pipeline::carry():194}:195}(Object(Illuminate\\Http\\Request))
#24 /Users/mimi/BorneApp/backend/vendor/laravel/framework/src/Illuminate/Pipeline/Pipeline.php(219): Illuminate\\Foundation\\Http\\Middleware\\PreventRequestsDuringMaintenance->handle(Object(Illuminate\\Http\\Request), Object(Closure))
#25 /Users/mimi/BorneApp/backend/vendor/laravel/framework/src/Illuminate/Http/Middleware/HandleCors.php(74): Illuminate\\Pipeline\\Pipeline->{closure:{closure:Illuminate\\Pipeline\\Pipeline::carry():194}:195}(Object(Illuminate\\Http\\Request))
#26 /Users/mimi/BorneApp/backend/vendor/laravel/framework/src/Illuminate/Pipeline/Pipeline.php(219): Illuminate\\Http\\Middleware\\HandleCors->handle(Object(Illuminate\\Http\\Request), Object(Closure))
#27 /Users/mimi/BorneApp/backend/vendor/laravel/framework/src/Illuminate/Http/Middleware/TrustProxies.php(58): Illuminate\\Pipeline\\Pipeline->{closure:{closure:Illuminate\\Pipeline\\Pipeline::carry():194}:195}(Object(Illuminate\\Http\\Request))
#28 /Users/mimi/BorneApp/backend/vendor/laravel/framework/src/Illuminate/Pipeline/Pipeline.php(219): Illuminate\\Http\\Middleware\\TrustProxies->handle(Object(Illuminate\\Http\\Request), Object(Closure))
#29 /Users/mimi/BorneApp/backend/vendor/laravel/framework/src/Illuminate/Foundation/Http/Middleware/InvokeDeferredCallbacks.php(22): Illuminate\\Pipeline\\Pipeline->{closure:{closure:Illuminate\\Pipeline\\Pipeline::carry():194}:195}(Object(Illuminate\\Http\\Request))
#30 /Users/mimi/BorneApp/backend/vendor/laravel/framework/src/Illuminate/Pipeline/Pipeline.php(219): Illuminate\\Foundation\\Http\\Middleware\\InvokeDeferredCallbacks->handle(Object(Illuminate\\Http\\Request), Object(Closure))
#31 /Users/mimi/BorneApp/backend/vendor/laravel/framework/src/Illuminate/Http/Middleware/ValidatePathEncoding.php(28): Illuminate\\Pipeline\\Pipeline->{closure:{closure:Illuminate\\Pipeline\\Pipeline::carry():194}:195}(Object(Illuminate\\Http\\Request))
#32 /Users/mimi/BorneApp/backend/vendor/laravel/framework/src/Illuminate/Pipeline/Pipeline.php(219): Illuminate\\Http\\Middleware\\ValidatePathEncoding->handle(Object(Illuminate\\Http\\Request), Object(Closure))
#33 /Users/mimi/BorneApp/backend/vendor/laravel/framework/src/Illuminate/Pipeline/Pipeline.php(137): Illuminate\\Pipeline\\Pipeline->{closure:{closure:Illuminate\\Pipeline\\Pipeline::carry():194}:195}(Object(Illuminate\\Http\\Request))
#34 /Users/mimi/BorneApp/backend/vendor/laravel/framework/src/Illuminate/Foundation/Http/Kernel.php(175): Illuminate\\Pipeline\\Pipeline->then(Object(Closure))
#35 /Users/mimi/BorneApp/backend/vendor/laravel/framework/src/Illuminate/Foundation/Http/Kernel.php(144): Illuminate\\Foundation\\Http\\Kernel->sendRequestThroughRouter(Object(Illuminate\\Http\\Request))
#36 /Users/mimi/BorneApp/backend/vendor/laravel/framework/src/Illuminate/Foundation/Application.php(1227): Illuminate\\Foundation\\Http\\Kernel->handle(Object(Illuminate\\Http\\Request))
#37 /Users/mimi/BorneApp/backend/public/index.php(20): Illuminate\\Foundation\\Application->handleRequest(Object(Illuminate\\Http\\Request))
#38 /Users/mimi/BorneApp/backend/vendor/laravel/framework/src/Illuminate/Foundation/resources/server.php(23): require_once('/Users/mimi/Bor...')
#39 {main}
"} 
[2026-09-02 13:15:34] testing.ERROR: Call to a member function isPast() on string {"exception":"[object] (Error(code: 0): Call to a member function isPast() on string at /Users/mimi/BorneApp/backend/app/Http/Controllers/Api/AuthController.php:136)
[stacktrace]
#0 /Users/mimi/BorneApp/backend/vendor/laravel/framework/src/Illuminate/Routing/ControllerDispatcher.php(46): App\\Http\\Controllers\\Api\\AuthController->resetPassword(Object(Illuminate\\Http\\Request))
#1 /Users/mimi/BorneApp/backend/vendor/laravel/framework/src/Illuminate/Routing/Route.php(276): Illuminate\\Routing\\ControllerDispatcher->dispatch(Object(Illuminate\\Routing\\Route), Object(App\\Http\\Controllers\\Api\\AuthController), 'resetPassword')
#2 /Users/mimi/BorneApp/backend/vendor/laravel/framework/src/Illuminate/Routing/Route.php(216): Illuminate\\Routing\\Route->runController()
#3 /Users/mimi/BorneApp/backend/vendor/laravel/framework/src/Illuminate/Routing/Router.php(822): Illuminate\\Routing\\Route->run()
#4 /Users/mimi/BorneApp/backend/vendor/laravel/framework/src/Illuminate/Pipeline/Pipeline.php(180): Illuminate\\Routing\\Router->{closure:Illuminate\\Routing\\Router::runRouteWithinStack():821}(Object(Illuminate\\Http\\Request))
#5 /Users/mimi/BorneApp/backend/vendor/laravel/framework/src/Illuminate/Routing/Middleware/SubstituteBindings.php(52): Illuminate\\Pipeline\\Pipeline->{closure:Illuminate\\Pipeline\\Pipeline::prepareDestination():178}(Object(Illuminate\\Http\\Request))
#6 /Users/mimi/BorneApp/backend/vendor/laravel/framework/src/Illuminate/Pipeline/Pipeline.php(219): Illuminate\\Routing\\Middleware\\SubstituteBindings->handle(Object(Illuminate\\Http\\Request), Object(Closure))
#7 /Users/mimi/BorneApp/backend/vendor/laravel/framework/src/Illuminate/Pipeline/Pipeline.php(137): Illuminate\\Pipeline\\Pipeline->{closure:{closure:Illuminate\\Pipeline\\Pipeline::carry():194}:195}(Object(Illuminate\\Http\\Request))
#8 /Users/mimi/BorneApp/backend/vendor/laravel/framework/src/Illuminate/Routing/Router.php(821): Illuminate\\Pipeline\\Pipeline->then(Object(Closure))
#9 /Users/mimi/BorneApp/backend/vendor/laravel/framework/src/Illuminate/Routing/Router.php(800): Illuminate\\Routing\\Router->runRouteWithinStack(Object(Illuminate\\Routing\\Route), Object(Illuminate\\Http\\Request))
#10 /Users/mimi/BorneApp/backend/vendor/laravel/framework/src/Illuminate/Routing/Router.php(764): Illuminate\\Routing\\Router->runRoute(Object(Illuminate\\Http\\Request), Object(Illuminate\\Routing\\Route))
#11 /Users/mimi/BorneApp/backend/vendor/laravel/framework/src/Illuminate/Routing/Router.php(753): Illuminate\\Routing\\Router->dispatchToRoute(Object(Illuminate\\Http\\Request))
#12 /Users/mimi/BorneApp/backend/vendor/laravel/framework/src/Illuminate/Foundation/Http/Kernel.php(200): Illuminate\\Routing\\Router->dispatch(Object(Illuminate\\Http\\Request))
#13 /Users/mimi/BorneApp/backend/vendor/laravel/framework/src/Illuminate/Pipeline/Pipeline.php(180): Illuminate\\Foundation\\Http\\Kernel->{closure:Illuminate\\Foundation\\Http\\Kernel::dispatchToRouter():197}(Object(Illuminate\\Http\\Request))
#14 /Users/mimi/BorneApp/backend/vendor/laravel/framework/src/Illuminate/Foundation/Http/Middleware/TransformsRequest.php(21): Illuminate\\Pipeline\\Pipeline->{closure:Illuminate\\Pipeline\\Pipeline::prepareDestination():178}(Object(Illuminate\\Http\\Request))
#15 /Users/mimi/BorneApp/backend/vendor/laravel/framework/src/Illuminate/Foundation/Http/Middleware/ConvertEmptyStringsToNull.php(31): Illuminate\\Foundation\\Http\\Middleware\\TransformsRequest->handle(Object(Illuminate\\Http\\Request), Object(Closure))
#16 /Users/mimi/BorneApp/backend/vendor/laravel/framework/src/Illuminate/Pipeline/Pipeline.php(219): Illuminate\\Foundation\\Http\\Middleware\\ConvertEmptyStringsToNull->handle(Object(Illuminate\\Http\\Request), Object(Closure))
#17 /Users/mimi/BorneApp/backend/vendor/laravel/framework/src/Illuminate/Foundation/Http/Middleware/TransformsRequest.php(21): Illuminate\\Pipeline\\Pipeline->{closure:{closure:Illuminate\\Pipeline\\Pipeline::carry():194}:195}(Object(Illuminate\\Http\\Request))
#18 /Users/mimi/BorneApp/backend/vendor/laravel/framework/src/Illuminate/Foundation/Http/Middleware/TrimStrings.php(51): Illuminate\\Foundation\\Http\\Middleware\\TransformsRequest->handle(Object(Illuminate\\Http\\Request), Object(Closure))
#19 /Users/mimi/BorneApp/backend/vendor/laravel/framework/src/Illuminate/Pipeline/Pipeline.php(219): Illuminate\\Foundation\\Http\\Middleware\\TrimStrings->handle(Object(Illuminate\\Http\\Request), Object(Closure))
#20 /Users/mimi/BorneApp/backend/vendor/laravel/framework/src/Illuminate/Http/Middleware/ValidatePostSize.php(27): Illuminate\\Pipeline\\Pipeline->{closure:{closure:Illuminate\\Pipeline\\Pipeline::carry():194}:195}(Object(Illuminate\\Http\\Request))
#21 /Users/mimi/BorneApp/backend/vendor/laravel/framework/src/Illuminate/Pipeline/Pipeline.php(219): Illuminate\\Http\\Middleware\\ValidatePostSize->handle(Object(Illuminate\\Http\\Request), Object(Closure))
#22 /Users/mimi/BorneApp/backend/vendor/laravel/framework/src/Illuminate/Foundation/Http/Middleware/PreventRequestsDuringMaintenance.php(110): Illuminate\\Pipeline\\Pipeline->{closure:{closure:Illuminate\\Pipeline\\Pipeline::carry():194}:195}(Object(Illuminate\\Http\\Request))
#23 /Users/mimi/BorneApp/backend/vendor/laravel/framework/src/Illuminate/Pipeline/Pipeline.php(219): Illuminate\\Foundation\\Http\\Middleware\\PreventRequestsDuringMaintenance->handle(Object(Illuminate\\Http\\Request), Object(Closure))
#24 /Users/mimi/BorneApp/backend/vendor/laravel/framework/src/Illuminate/Http/Middleware/HandleCors.php(74): Illuminate\\Pipeline\\Pipeline->{closure:{closure:Illuminate\\Pipeline\\Pipeline::carry():194}:195}(Object(Illuminate\\Http\\Request))
#25 /Users/mimi/BorneApp/backend/vendor/laravel/framework/src/Illuminate/Pipeline/Pipeline.php(219): Illuminate\\Http\\Middleware\\HandleCors->handle(Object(Illuminate\\Http\\Request), Object(Closure))
#26 /Users/mimi/BorneApp/backend/vendor/laravel/framework/src/Illuminate/Http/Middleware/TrustProxies.php(58): Illuminate\\Pipeline\\Pipeline->{closure:{closure:Illuminate\\Pipeline\\Pipeline::carry():194}:195}(Object(Illuminate\\Http\\Request))
#27 /Users/mimi/BorneApp/backend/vendor/laravel/framework/src/Illuminate/Pipeline/Pipeline.php(219): Illuminate\\Http\\Middleware\\TrustProxies->handle(Object(Illuminate\\Http\\Request), Object(Closure))
#28 /Users/mimi/BorneApp/backend/vendor/laravel/framework/src/Illuminate/Foundation/Http/Middleware/InvokeDeferredCallbacks.php(22): Illuminate\\Pipeline\\Pipeline->{closure:{closure:Illuminate\\Pipeline\\Pipeline::carry():194}:195}(Object(Illuminate\\Http\\Request))
#29 /Users/mimi/BorneApp/backend/vendor/laravel/framework/src/Illuminate/Pipeline/Pipeline.php(219): Illuminate\\Foundation\\Http\\Middleware\\InvokeDeferredCallbacks->handle(Object(Illuminate\\Http\\Request), Object(Closure))
#30 /Users/mimi/BorneApp/backend/vendor/laravel/framework/src/Illuminate/Http/Middleware/ValidatePathEncoding.php(28): Illuminate\\Pipeline\\Pipeline->{closure:{closure:Illuminate\\Pipeline\\Pipeline::carry():194}:195}(Object(Illuminate\\Http\\Request))
#31 /Users/mimi/BorneApp/backend/vendor/laravel/framework/src/Illuminate/Pipeline/Pipeline.php(219): Illuminate\\Http\\Middleware\\ValidatePathEncoding->handle(Object(Illuminate\\Http\\Request), Object(Closure))
#32 /Users/mimi/BorneApp/backend/vendor/laravel/framework/src/Illuminate/Pipeline/Pipeline.php(137): Illuminate\\Pipeline\\Pipeline->{closure:{closure:Illuminate\\Pipeline\\Pipeline::carry():194}:195}(Object(Illuminate\\Http\\Request))
#33 /Users/mimi/BorneApp/backend/vendor/laravel/framework/src/Illuminate/Foundation/Http/Kernel.php(175): Illuminate\\Pipeline\\Pipeline->then(Object(Closure))
#34 /Users/mimi/BorneApp/backend/vendor/laravel/framework/src/Illuminate/Foundation/Http/Kernel.php(144): Illuminate\\Foundation\\Http\\Kernel->sendRequestThroughRouter(Object(Illuminate\\Http\\Request))
#35 /Users/mimi/BorneApp/backend/vendor/laravel/framework/src/Illuminate/Foundation/Testing/Concerns/MakesHttpRequests.php(638): Illuminate\\Foundation\\Http\\Kernel->handle(Object(Illuminate\\Http\\Request))
#36 /Users/mimi/BorneApp/backend/vendor/laravel/framework/src/Illuminate/Foundation/Testing/Concerns/MakesHttpRequests.php(604): Illuminate\\Foundation\\Testing\\TestCase->call('POST', '/api/v1/auth/re...', Array, Array, Array, Array, '{\"email\":\"clien...')
#37 /Users/mimi/BorneApp/backend/vendor/laravel/framework/src/Illuminate/Foundation/Testing/Concerns/MakesHttpRequests.php(411): Illuminate\\Foundation\\Testing\\TestCase->json('POST', '/api/v1/auth/re...', Array, Array, 0)
#38 /Users/mimi/BorneApp/backend/tests/Feature/AuthTest.php(72): Illuminate\\Foundation\\Testing\\TestCase->postJson('/api/v1/auth/re...', Array)
#39 /Users/mimi/BorneApp/backend/vendor/pestphp/pest/src/Factories/TestCaseMethodFactory.php(135): P\\Tests\\Feature\\AuthTest->{closure:/Users/mimi/BorneApp/backend/tests/Feature/AuthTest.php:61}()
#40 [internal function]: P\\Tests\\Feature\\AuthTest->{closure:Pest\\Factories\\TestCaseMethodFactory::getClosure():125}()
#41 /Users/mimi/BorneApp/backend/vendor/pestphp/pest/src/Concerns/Testable.php(508): call_user_func_array(Object(Closure), Array)
#42 /Users/mimi/BorneApp/backend/vendor/pestphp/pest/src/Support/ExceptionTrace.php(24): P\\Tests\\Feature\\AuthTest->{closure:Pest\\Concerns\\Testable::__callClosure():508}()
#43 /Users/mimi/BorneApp/backend/vendor/pestphp/pest/src/Concerns/Testable.php(508): Pest\\Support\\ExceptionTrace::ensure(Object(Closure))
#44 /Users/mimi/BorneApp/backend/vendor/pestphp/pest/src/Concerns/Testable.php(322): P\\Tests\\Feature\\AuthTest->__callClosure(Object(Closure), Array)
#45 /Users/mimi/BorneApp/backend/vendor/pestphp/pest/src/Factories/TestCaseFactory.php(170) : eval()'d code(74): P\\Tests\\Feature\\AuthTest->__runTest(Object(Closure))
#46 /Users/mimi/BorneApp/backend/vendor/phpunit/phpunit/src/Framework/TestCase.php(1461): P\\Tests\\Feature\\AuthTest->__pest_evaluable_it_réinitialise_le_mot_de_passe_avec_un_code_valide()
#47 /Users/mimi/BorneApp/backend/vendor/phpunit/phpunit/src/Framework/TestCase.php(1475): PHPUnit\\Framework\\TestCase->invokeTestMethod('__pest_evaluabl...', Array)
#48 /Users/mimi/BorneApp/backend/vendor/phpunit/phpunit/src/Framework/TestCase.php(496): PHPUnit\\Framework\\TestCase->runTest()
#49 /Users/mimi/BorneApp/backend/vendor/phpunit/phpunit/src/Framework/TestRunner/TestRunner.php(126): PHPUnit\\Framework\\TestCase->runBare()
#50 /Users/mimi/BorneApp/backend/vendor/phpunit/phpunit/src/Framework/TestCase.php(328): PHPUnit\\Framework\\TestRunner\\TestRunner->run(Object(P\\Tests\\Feature\\AuthTest))
#51 /Users/mimi/BorneApp/backend/vendor/phpunit/phpunit/src/Framework/TestSuite.php(627): PHPUnit\\Framework\\TestCase->run()
#52 /Users/mimi/BorneApp/backend/vendor/phpunit/phpunit/src/Framework/TestSuite.php(420): PHPUnit\\Framework\\TestSuite->runTests(Array, Object(PHPUnit\\Event\\DispatchingEmitter))
#53 /Users/mimi/BorneApp/backend/vendor/phpunit/phpunit/src/Framework/TestSuite.php(627): PHPUnit\\Framework\\TestSuite->run()
#54 /Users/mimi/BorneApp/backend/vendor/phpunit/phpunit/src/Framework/TestSuite.php(420): PHPUnit\\Framework\\TestSuite->runTests(Array, Object(PHPUnit\\Event\\DispatchingEmitter))
#55 /Users/mimi/BorneApp/backend/vendor/phpunit/phpunit/src/Framework/TestSuite.php(627): PHPUnit\\Framework\\TestSuite->run()
#56 /Users/mimi/BorneApp/backend/vendor/phpunit/phpunit/src/Framework/TestSuite.php(420): PHPUnit\\Framework\\TestSuite->runTests(Array, Object(PHPUnit\\Event\\DispatchingEmitter))
#57 /Users/mimi/BorneApp/backend/vendor/phpunit/phpunit/src/TextUI/TestRunner.php(64): PHPUnit\\Framework\\TestSuite->run()
#58 /Users/mimi/BorneApp/backend/vendor/phpunit/phpunit/src/TextUI/Application.php(255): PHPUnit\\TextUI\\TestRunner->run(Object(PHPUnit\\TextUI\\Configuration\\Configuration), Object(PHPUnit\\Runner\\TestRunHistory\\DefaultTestRunHistory), Object(PHPUnit\\Framework\\TestSuite))
#59 /Users/mimi/BorneApp/backend/vendor/pestphp/pest/src/Kernel.php(100): PHPUnit\\TextUI\\Application->run(Array)
#60 /Users/mimi/BorneApp/backend/vendor/pestphp/pest/bin/pest(207): Pest\\Kernel->handle(Array, Array)
#61 /Users/mimi/BorneApp/backend/vendor/pestphp/pest/bin/pest(215): {closure:/Users/mimi/BorneApp/backend/vendor/pestphp/pest/bin/pest:21}()
#62 /Users/mimi/BorneApp/backend/vendor/bin/pest(119): include('/Users/mimi/Bor...')
#63 {main}
"} 
[2026-09-30 12:29:42] local.ERROR: cURL error 28: Operation timed out after 100002 milliseconds with 0 bytes received (see https://curl.se/libcurl/c/libcurl-errors.html) for https://overpass.private.coffee/api/interpreter {"exception":"[object] (Illuminate\\Http\\Client\\ConnectionException(code: 0): cURL error 28: Operation timed out after 100002 milliseconds with 0 bytes received (see https://curl.se/libcurl/c/libcurl-errors.html) for https://overpass.private.coffee/api/interpreter at /Users/mimi/BorneApp/backend/vendor/laravel/framework/src/Illuminate/Http/Client/PendingRequest.php:2085)
[stacktrace]
#0 /Users/mimi/BorneApp/backend/vendor/laravel/framework/src/Illuminate/Http/Client/PendingRequest.php(1117): Illuminate\\Http\\Client\\PendingRequest->marshalTransportException(Object(GuzzleHttp\\Exception\\NetworkTimeoutException))
#1 /Users/mimi/BorneApp/backend/vendor/laravel/framework/src/Illuminate/Support/helpers.php(328): Illuminate\\Http\\Client\\PendingRequest->{closure:Illuminate\\Http\\Client\\PendingRequest::send():1075}(1)
#2 /Users/mimi/BorneApp/backend/vendor/laravel/framework/src/Illuminate/Http/Client/PendingRequest.php(1075): retry(0, Object(Closure), 100, Object(Closure))
#3 /Users/mimi/BorneApp/backend/vendor/laravel/framework/src/Illuminate/Http/Client/PendingRequest.php(919): Illuminate\\Http\\Client\\PendingRequest->send('POST', 'https://overpas...', Array)
#4 /Users/mimi/BorneApp/backend/app/Console/Commands/ImporterBornesPubliques.php(131): Illuminate\\Http\\Client\\PendingRequest->post('https://overpas...', Array)
#5 /Users/mimi/BorneApp/backend/app/Console/Commands/ImporterBornesPubliques.php(37): App\\Console\\Commands\\ImporterBornesPubliques->depuisOpenStreetMap()
#6 /Users/mimi/BorneApp/backend/vendor/laravel/framework/src/Illuminate/Container/BoundMethod.php(36): App\\Console\\Commands\\ImporterBornesPubliques->handle()
#7 /Users/mimi/BorneApp/backend/vendor/laravel/framework/src/Illuminate/Container/Util.php(43): Illuminate\\Container\\BoundMethod::{closure:Illuminate\\Container\\BoundMethod::call():35}()
#8 /Users/mimi/BorneApp/backend/vendor/laravel/framework/src/Illuminate/Container/BoundMethod.php(96): Illuminate\\Container\\Util::unwrapIfClosure(Object(Closure))
#9 /Users/mimi/BorneApp/backend/vendor/laravel/framework/src/Illuminate/Container/BoundMethod.php(35): Illuminate\\Container\\BoundMethod::callBoundMethod(Object(Illuminate\\Foundation\\Application), Array, Object(Closure))
#10 /Users/mimi/BorneApp/backend/vendor/laravel/framework/src/Illuminate/Container/Container.php(803): Illuminate\\Container\\BoundMethod::call(Object(Illuminate\\Foundation\\Application), Array, Array, NULL)
#11 /Users/mimi/BorneApp/backend/vendor/laravel/framework/src/Illuminate/Console/Command.php(292): Illuminate\\Container\\Container->call(Array)
#12 /Users/mimi/BorneApp/backend/vendor/symfony/console/Command/Command.php(285): Illuminate\\Console\\Command->execute(Object(Symfony\\Component\\Console\\Input\\ArgvInput), Object(Laravel\\Pao\\Laravel\\PaoOutputStyle))
#13 /Users/mimi/BorneApp/backend/vendor/laravel/framework/src/Illuminate/Console/Command.php(261): Symfony\\Component\\Console\\Command\\Command->run(Object(Symfony\\Component\\Console\\Input\\ArgvInput), Object(Laravel\\Pao\\Laravel\\PaoOutputStyle))
#14 /Users/mimi/BorneApp/backend/vendor/symfony/console/Application.php(1144): Illuminate\\Console\\Command->run(Object(Symfony\\Component\\Console\\Input\\ArgvInput), Object(Symfony\\Component\\Console\\Output\\ConsoleOutput))
#15 /Users/mimi/BorneApp/backend/vendor/symfony/console/Application.php(379): Symfony\\Component\\Console\\Application->doRunCommand(Object(App\\Console\\Commands\\ImporterBornesPubliques), Object(Symfony\\Component\\Console\\Input\\ArgvInput), Object(Symfony\\Component\\Console\\Output\\ConsoleOutput))
#16 /Users/mimi/BorneApp/backend/vendor/symfony/console/Application.php(218): Symfony\\Component\\Console\\Application->doRun(Object(Symfony\\Component\\Console\\Input\\ArgvInput), Object(Symfony\\Component\\Console\\Output\\ConsoleOutput))
#17 /Users/mimi/BorneApp/backend/vendor/laravel/framework/src/Illuminate/Foundation/Console/Kernel.php(198): Symfony\\Component\\Console\\Application->run(Object(Symfony\\Component\\Console\\Input\\ArgvInput), Object(Symfony\\Component\\Console\\Output\\ConsoleOutput))
#18 /Users/mimi/BorneApp/backend/vendor/laravel/framework/src/Illuminate/Foundation/Application.php(1242): Illuminate\\Foundation\\Console\\Kernel->handle(Object(Symfony\\Component\\Console\\Input\\ArgvInput), Object(Symfony\\Component\\Console\\Output\\ConsoleOutput))
#19 /Users/mimi/BorneApp/backend/artisan(16): Illuminate\\Foundation\\Application->handleCommand(Object(Symfony\\Component\\Console\\Input\\ArgvInput))
#20 {main}

[previous exception] [object] (GuzzleHttp\\Exception\\NetworkTimeoutException(code: 0): cURL error 28: Operation timed out after 100002 milliseconds with 0 bytes received (see https://curl.se/libcurl/c/libcurl-errors.html) for https://overpass.private.coffee/api/interpreter at /Users/mimi/BorneApp/backend/vendor/guzzlehttp/guzzle/src/Handler/CurlFactory.php:1425)
[stacktrace]
#0 /Users/mimi/BorneApp/backend/vendor/guzzlehttp/guzzle/src/Handler/CurlFactory.php(1205): GuzzleHttp\\Handler\\CurlFactory::createRejection(Object(SensitiveParameterValue), Object(SensitiveParameterValue))
#1 /Users/mimi/BorneApp/backend/vendor/guzzlehttp/guzzle/src/Handler/CurlFactory.php(1049): GuzzleHttp\\Handler\\CurlFactory::finishError(Object(GuzzleHttp\\Handler\\CurlHandler), Object(SensitiveParameterValue), Object(GuzzleHttp\\Handler\\CurlFactory), Object(GuzzleHttp\\TransferStats), Object(Closure))
#2 /Users/mimi/BorneApp/backend/vendor/guzzlehttp/guzzle/src/Handler/CurlHandler.php(104): GuzzleHttp\\Handler\\CurlFactory::finish(Object(GuzzleHttp\\Handler\\CurlHandler), Object(SensitiveParameterValue), Object(GuzzleHttp\\Handler\\CurlFactory))
#3 /Users/mimi/BorneApp/backend/vendor/guzzlehttp/guzzle/src/Handler/Proxy.php(38): GuzzleHttp\\Handler\\CurlHandler->__invoke(Object(SensitiveParameterValue), Object(SensitiveParameterValue))
#4 /Users/mimi/BorneApp/backend/vendor/guzzlehttp/guzzle/src/Handler/Proxy.php(63): GuzzleHttp\\Handler\\Proxy::{closure:GuzzleHttp\\Handler\\Proxy::wrapSync():32}(Object(SensitiveParameterValue), Object(SensitiveParameterValue))
#5 /Users/mimi/BorneApp/backend/vendor/laravel/framework/src/Illuminate/Http/Client/PendingRequest.php(1788): GuzzleHttp\\Handler\\Proxy::{closure:GuzzleHttp\\Handler\\Proxy::wrapStreaming():57}(Object(SensitiveParameterValue), Object(SensitiveParameterValue))
#6 /Users/mimi/BorneApp/backend/vendor/laravel/framework/src/Illuminate/Http/Client/PendingRequest.php(1745): Illuminate\\Http\\Client\\PendingRequest->{closure:{closure:Illuminate\\Http\\Client\\PendingRequest::buildStubHandler():1770}:1771}(Object(GuzzleHttp\\Psr7\\Request), Array)
#7 /Users/mimi/BorneApp/backend/vendor/laravel/framework/src/Illuminate/Http/Client/PendingRequest.php(1731): Illuminate\\Http\\Client\\PendingRequest->{closure:{closure:Illuminate\\Http\\Client\\PendingRequest::buildRecorderHandler():1743}:1744}(Object(GuzzleHttp\\Psr7\\Request), Array)
#8 /Users/mimi/BorneApp/backend/vendor/guzzlehttp/guzzle/src/PrepareBodyMiddleware.php(77): Illuminate\\Http\\Client\\PendingRequest->{closure:{closure:Illuminate\\Http\\Client\\PendingRequest::buildBeforeSendingHandler():1729}:1730}(Object(GuzzleHttp\\Psr7\\Request), Array)
#9 /Users/mimi/BorneApp/backend/vendor/guzzlehttp/guzzle/src/Middleware.php(65): GuzzleHttp\\PrepareBodyMiddleware->__invoke(Object(SensitiveParameterValue), Object(SensitiveParameterValue))
#10 /Users/mimi/BorneApp/backend/vendor/guzzlehttp/guzzle/src/AuthMiddleware.php(100): GuzzleHttp\\Middleware::{closure:{closure:GuzzleHttp\\Middleware::cookies():50}:51}(Object(SensitiveParameterValue), Object(SensitiveParameterValue))
#11 /Users/mimi/BorneApp/backend/vendor/guzzlehttp/guzzle/src/RedirectMiddleware.php(88): GuzzleHttp\\AuthMiddleware->__invoke(Object(SensitiveParameterValue), Object(SensitiveParameterValue))
#12 /Users/mimi/BorneApp/backend/vendor/guzzlehttp/guzzle/src/Middleware.php(98): GuzzleHttp\\RedirectMiddleware->__invoke(Object(SensitiveParameterValue), Object(SensitiveParameterValue))
#13 /Users/mimi/BorneApp/backend/vendor/guzzlehttp/guzzle/src/HandlerStack.php(89): GuzzleHttp\\Middleware::{closure:{closure:GuzzleHttp\\Middleware::httpErrors():90}:91}(Object(SensitiveParameterValue), Object(SensitiveParameterValue))
#14 /Users/mimi/BorneApp/backend/vendor/guzzlehttp/guzzle/src/Client.php(1514): GuzzleHttp\\HandlerStack->__invoke(Object(SensitiveParameterValue), Object(SensitiveParameterValue))
#15 /Users/mimi/BorneApp/backend/vendor/guzzlehttp/guzzle/src/Client.php(561): GuzzleHttp\\Client->transfer(Object(SensitiveParameterValue), Object(SensitiveParameterValue))
#16 /Users/mimi/BorneApp/backend/vendor/guzzlehttp/guzzle/src/Client.php(658): GuzzleHttp\\Client->requestAsync('POST', Object(GuzzleHttp\\Psr7\\Uri), Object(SensitiveParameterValue))
#17 /Users/mimi/BorneApp/backend/vendor/laravel/framework/src/Illuminate/Http/Client/PendingRequest.php(1361): GuzzleHttp\\Client->request('POST', 'https://overpas...', Object(SensitiveParameterValue))
#18 /Users/mimi/BorneApp/backend/vendor/laravel/framework/src/Illuminate/Http/Client/PendingRequest.php(1077): Illuminate\\Http\\Client\\PendingRequest->sendRequest('POST', 'https://overpas...', Array)
#19 /Users/mimi/BorneApp/backend/vendor/laravel/framework/src/Illuminate/Support/helpers.php(328): Illuminate\\Http\\Client\\PendingRequest->{closure:Illuminate\\Http\\Client\\PendingRequest::send():1075}(1)
#20 /Users/mimi/BorneApp/backend/vendor/laravel/framework/src/Illuminate/Http/Client/PendingRequest.php(1075): retry(0, Object(Closure), 100, Object(Closure))
#21 /Users/mimi/BorneApp/backend/vendor/laravel/framework/src/Illuminate/Http/Client/PendingRequest.php(919): Illuminate\\Http\\Client\\PendingRequest->send('POST', 'https://overpas...', Array)
#22 /Users/mimi/BorneApp/backend/app/Console/Commands/ImporterBornesPubliques.php(131): Illuminate\\Http\\Client\\PendingRequest->post('https://overpas...', Array)
#23 /Users/mimi/BorneApp/backend/app/Console/Commands/ImporterBornesPubliques.php(37): App\\Console\\Commands\\ImporterBornesPubliques->depuisOpenStreetMap()
#24 /Users/mimi/BorneApp/backend/vendor/laravel/framework/src/Illuminate/Container/BoundMethod.php(36): App\\Console\\Commands\\ImporterBornesPubliques->handle()
#25 /Users/mimi/BorneApp/backend/vendor/laravel/framework/src/Illuminate/Container/Util.php(43): Illuminate\\Container\\BoundMethod::{closure:Illuminate\\Container\\BoundMethod::call():35}()
#26 /Users/mimi/BorneApp/backend/vendor/laravel/framework/src/Illuminate/Container/BoundMethod.php(96): Illuminate\\Container\\Util::unwrapIfClosure(Object(Closure))
#27 /Users/mimi/BorneApp/backend/vendor/laravel/framework/src/Illuminate/Container/BoundMethod.php(35): Illuminate\\Container\\BoundMethod::callBoundMethod(Object(Illuminate\\Foundation\\Application), Array, Object(Closure))
#28 /Users/mimi/BorneApp/backend/vendor/laravel/framework/src/Illuminate/Container/Container.php(803): Illuminate\\Container\\BoundMethod::call(Object(Illuminate\\Foundation\\Application), Array, Array, NULL)
#29 /Users/mimi/BorneApp/backend/vendor/laravel/framework/src/Illuminate/Console/Command.php(292): Illuminate\\Container\\Container->call(Array)
#30 /Users/mimi/BorneApp/backend/vendor/symfony/console/Command/Command.php(285): Illuminate\\Console\\Command->execute(Object(Symfony\\Component\\Console\\Input\\ArgvInput), Object(Laravel\\Pao\\Laravel\\PaoOutputStyle))
#31 /Users/mimi/BorneApp/backend/vendor/laravel/framework/src/Illuminate/Console/Command.php(261): Symfony\\Component\\Console\\Command\\Command->run(Object(Symfony\\Component\\Console\\Input\\ArgvInput), Object(Laravel\\Pao\\Laravel\\PaoOutputStyle))
#32 /Users/mimi/BorneApp/backend/vendor/symfony/console/Application.php(1144): Illuminate\\Console\\Command->run(Object(Symfony\\Component\\Console\\Input\\ArgvInput), Object(Symfony\\Component\\Console\\Output\\ConsoleOutput))
#33 /Users/mimi/BorneApp/backend/vendor/symfony/console/Application.php(379): Symfony\\Component\\Console\\Application->doRunCommand(Object(App\\Console\\Commands\\ImporterBornesPubliques), Object(Symfony\\Component\\Console\\Input\\ArgvInput), Object(Symfony\\Component\\Console\\Output\\ConsoleOutput))
#34 /Users/mimi/BorneApp/backend/vendor/symfony/console/Application.php(218): Symfony\\Component\\Console\\Application->doRun(Object(Symfony\\Component\\Console\\Input\\ArgvInput), Object(Symfony\\Component\\Console\\Output\\ConsoleOutput))
#35 /Users/mimi/BorneApp/backend/vendor/laravel/framework/src/Illuminate/Foundation/Console/Kernel.php(198): Symfony\\Component\\Console\\Application->run(Object(Symfony\\Component\\Console\\Input\\ArgvInput), Object(Symfony\\Component\\Console\\Output\\ConsoleOutput))
#36 /Users/mimi/BorneApp/backend/vendor/laravel/framework/src/Illuminate/Foundation/Application.php(1242): Illuminate\\Foundation\\Console\\Kernel->handle(Object(Symfony\\Component\\Console\\Input\\ArgvInput), Object(Symfony\\Component\\Console\\Output\\ConsoleOutput))
#37 /Users/mimi/BorneApp/backend/artisan(16): Illuminate\\Foundation\\Application->handleCommand(Object(Symfony\\Component\\Console\\Input\\ArgvInput))
#38 {main}
"} 
